SQL> @oml4sql-cross-validation-decision-tree
SQL> -----------------------------------------------------------------------
SQL> --   Oracle Machine Learning for SQL (OML4SQL) 23ai
SQL> --
SQL> --   Cross-Validation - Decision Tree Algorithm - dmdtxvlddemo.sql
SQL> --
SQL> --   Copyright (c) 2024 Oracle Corporation and/or its affilitiates.
SQL> --
SQL> --  The Universal Permissive License (UPL), Version 1.0
SQL> --
SQL> --  https://oss.oracle.com/licenses/upl/
SQL> -----------------------------------------------------------------------
SQL> SET SERVEROUTPUT ON
SQL> SET ECHO OFF
警告: このLONG設定によってJavaメモリーの問題が発生する可能性があります。この設定を引き下げるか、Javaが使用できるメモリーを増やす(あるいはその両方)ことをお薦めします。

PL/SQLプロシージャが正常に完了しました。


      ITER ACCURACY
---------- --------
         0      .85
         1      .83
         2      .77
         3      .80
         4      .82
         5      .81
         6      .82
         7      .87
         8      .77
         9      .85
                .82

11行が選択されました。


      ITER     ACTUAL PREDICTED    COUNT
---------- ---------- --------- --------
         0          0         0   102.00
         0          0         1    10.00
         0          1         0    12.00
         0          1         1    26.00
         1          0         0   103.00
         1          0         1     9.00
         1          1         0    17.00
         1          1         1    21.00
         2          0         0   106.00
         2          0         1     6.00
         2          1         0    28.00
         2          1         1    10.00
         3          0         0   100.00
         3          0         1    12.00
         3          1         0    18.00
         3          1         1    20.00
         4          0         0   102.00
         4          0         1    10.00
         4          1         0    17.00
         4          1         1    21.00
         5          0         0   104.00
         5          0         1     8.00
         5          1         0    21.00
         5          1         1    17.00
         6          0         0   104.00
         6          0         1     8.00
         6          1         0    19.00
         6          1         1    19.00
         7          0         0   110.00
         7          0         1     2.00
         7          1         0    17.00
         7          1         1    21.00
         8          0         0    98.00
         8          0         1    14.00
         8          1         0    20.00
         8          1         1    18.00
         9          0         0   102.00
         9          0         1    10.00
         9          1         0    13.00
         9          1         1    25.00
                    0         0  1031.00
                    0         1    89.00
                    1         0   182.00
                    1         1   198.00

44行が選択されました。

